137.59.225.165 - - [13/Dec/2023:10:18:31 +0000] "GET /core/modules/system/css/components/resize.module.css?s5k3p1 HTTP/1.1" 200 490 "http://demo1.drupalreact.com/" "Mozilla/5.0 (X11; Linux x86_64) AppleWebKit/537.36 (KHTML, like Gecko) Chrome/120.0.0.0 Safari/537.36"
137.59.225.165 - - [13/Dec/2023:10:18:31 +0000] "GET /core/modules/system/css/components/sticky-header.module.css?s5k3p1 HTTP/1.1" 200 478 "http://demo1.drupalreact.com/" "Mozilla/5.0 (X11; Linux x86_64) AppleWebKit/537.36 (KHTML, like Gecko) Chrome/120.0.0.0 Safari/537.36"
137.59.225.165 - - [13/Dec/2023:10:18:31 +0000] "GET /core/modules/system/css/components/system-status-counter.css?s5k3p1 HTTP/1.1" 200 648 "http://demo1.drupalreact.com/" "Mozilla/5.0 (X11; Linux x86_64) AppleWebKit/537.36 (KHTML, like Gecko) Chrome/120.0.0.0 Safari/537.36"
137.59.225.165 - - [13/Dec/2023:10:18:31 +0000] "GET /core/modules/system/css/components/system-status-report-counters.css?s5k3p1 HTTP/1.1" 200 640 "http://demo1.drupalreact.com/" "Mozilla/5.0 (X11; Linux x86_64) AppleWebKit/537.36 (KHTML, like Gecko) Chrome/120.0.0.0 Safari/537.36"
137.59.225.165 - - [13/Dec/2023:10:18:31 +0000] "GET /core/modules/system/css/components/system-status-report-general-info.css?s5k3p1 HTTP/1.1" 200 507 "http://demo1.drupalreact.com/" "Mozilla/5.0 (X11; Linux x86_64) AppleWebKit/537.36 (KHTML, like Gecko) Chrome/120.0.0.0 Safari/537.36"
137.59.225.165 - - [13/Dec/2023:10:18:31 +0000] "GET /core/modules/system/css/components/tabledrag.module.css?s5k3p1 HTTP/1.1" 200 1025 "http://demo1.drupalreact.com/" "Mozilla/5.0 (X11; Linux x86_64) AppleWebKit/537.36 (KHTML, like Gecko) Chrome/120.0.0.0 Safari/537.36"
137.59.225.165 - - [13/Dec/2023:10:18:31 +0000] "GET /core/modules/system/css/components/tablesort.module.css?s5k3p1 HTTP/1.1" 200 543 "http://demo1.drupalreact.com/" "Mozilla/5.0 (X11; Linux x86_64) AppleWebKit/537.36 (KHTML, like Gecko) Chrome/120.0.0.0 Safari/537.36"
137.59.225.165 - - [13/Dec/2023:10:18:31 +0000] "GET /core/modules/views/css/views.module.css?s5k3p1 HTTP/1.1" 200 550 "http://demo1.drupalreact.com/" "Mozilla/5.0 (X11; Linux x86_64) AppleWebKit/537.36 (KHTML, like Gecko) Chrome/120.0.0.0 Safari/537.36"
137.59.225.165 - - [13/Dec/2023:10:18:31 +0000] "GET /core/modules/system/css/components/tree-child.module.css?s5k3p1 HTTP/1.1" 200 554 "http://demo1.drupalreact.com/" "Mozilla/5.0 (X11; Linux x86_64) AppleWebKit/537.36 (KHTML, like Gecko) Chrome/120.0.0.0 Safari/537.36"
137.59.225.165 - - [13/Dec/2023:10:18:31 +0000] "GET /themes/contrib/bootstrap_barrio/css/components/variables.css?s5k3p1 HTTP/1.1" 200 498 "http://demo1.drupalreact.com/" "Mozilla/5.0 (X11; Linux x86_64) AppleWebKit/537.36 (KHTML, like Gecko) Chrome/120.0.0.0 Safari/537.36"
137.59.225.165 - - [13/Dec/2023:10:18:32 +0000] "GET /themes/contrib/bootstrap_barrio/css/components/user.css?s5k3p1 HTTP/1.1" 200 1027 "http://demo1.drupalreact.com/" "Mozilla/5.0 (X11; Linux x86_64) AppleWebKit/537.36 (KHTML, like Gecko) Chrome/120.0.0.0 Safari/537.36"
137.59.225.165 - - [13/Dec/2023:10:18:32 +0000] "GET /themes/contrib/bootstrap_barrio/css/components/progress.css?s5k3p1 HTTP/1.1" 200 324 "http://demo1.drupalreact.com/" "Mozilla/5.0 (X11; Linux x86_64) AppleWebKit/537.36 (KHTML, like Gecko) Chrome/120.0.0.0 Safari/537.36"
137.59.225.165 - - [13/Dec/2023:10:18:32 +0000] "GET /themes/contrib/bootstrap_barrio/css/components/affix.css?s5k3p1 HTTP/1.1" 200 470 "http://demo1.drupalreact.com/" "Mozilla/5.0 (X11; Linux x86_64) AppleWebKit/537.36 (KHTML, like Gecko) Chrome/120.0.0.0 Safari/537.36"
137.59.225.165 - - [13/Dec/2023:10:18:32 +0000] "GET /themes/contrib/bootstrap_barrio/css/components/book.css?s5k3p1 HTTP/1.1" 200 499 "http://demo1.drupalreact.com/" "Mozilla/5.0 (X11; Linux x86_64) AppleWebKit/537.36 (KHTML, like Gecko) Chrome/120.0.0.0 Safari/537.36"
137.59.225.165 - - [13/Dec/2023:10:18:32 +0000] "GET /themes/contrib/bootstrap_barrio/css/components/contextual.css?s5k3p1 HTTP/1.1" 200 463 "http://demo1.drupalreact.com/" "Mozilla/5.0 (X11; Linux x86_64) AppleWebKit/537.36 (KHTML, like Gecko) Chrome/120.0.0.0 Safari/537.36"
137.59.225.165 - - [13/Dec/2023:10:18:32 +0000] "GET /core/modules/system/css/components/reset-appearance.module.css?s5k3p1 HTTP/1.1" 200 524 "http://demo1.drupalreact.com/" "Mozilla/5.0 (X11; Linux x86_64) AppleWebKit/537.36 (KHTML, like Gecko) Chrome/120.0.0.0 Safari/537.36"
137.59.225.165 - - [13/Dec/2023:10:18:32 +0000] "GET /themes/contrib/bootstrap_barrio/css/components/feed-icon.css?s5k3p1 HTTP/1.1" 200 474 "http://demo1.drupalreact.com/" "Mozilla/5.0 (X11; Linux x86_64) AppleWebKit/537.36 (KHTML, like Gecko) Chrome/120.0.0.0 Safari/537.36"
137.59.225.165 - - [13/Dec/2023:10:18:32 +0000] "GET /themes/contrib/bootstrap_barrio/css/components/field.css?s5k3p1 HTTP/1.1" 200 855 "http://demo1.drupalreact.com/" "Mozilla/5.0 (X11; Linux x86_64) AppleWebKit/537.36 (KHTML, like Gecko) Chrome/120.0.0.0 Safari/537.36"
137.59.225.165 - - [13/Dec/2023:10:18:32 +0000] "GET /themes/contrib/bootstrap_barrio/css/components/header.css?s5k3p1 HTTP/1.1" 200 593 "http://demo1.drupalreact.com/" "Mozilla/5.0 (X11; Linux x86_64) AppleWebKit/537.36 (KHTML, like Gecko) Chrome/120.0.0.0 Safari/537.36"
137.59.225.165 - - [13/Dec/2023:10:18:32 +0000] "GET /themes/contrib/bootstrap_barrio/css/components/help.css?s5k3p1 HTTP/1.1" 200 469 "http://demo1.drupalreact.com/" "Mozilla/5.0 (X11; Linux x86_64) AppleWebKit/537.36 (KHTML, like Gecko) Chrome/120.0.0.0 Safari/537.36"
137.59.225.165 - - [13/Dec/2023:10:18:32 +0000] "GET /themes/contrib/bootstrap_barrio/css/components/icons.css?s5k3p1 HTTP/1.1" 200 809 "http://demo1.drupalreact.com/" "Mozilla/5.0 (X11; Linux x86_64) AppleWebKit/537.36 (KHTML, like Gecko) Chrome/120.0.0.0 Safari/537.36"
137.59.225.165 - - [13/Dec/2023:10:18:32 +0000] "GET /themes/contrib/bootstrap_barrio/css/components/image-button.css?s5k3p1 HTTP/1.1" 200 503 "http://demo1.drupalreact.com/" "Mozilla/5.0 (X11; Linux x86_64) AppleWebKit/537.36 (KHTML, like Gecko) Chrome/120.0.0.0 Safari/537.36"
137.59.225.165 - - [13/Dec/2023:10:18:32 +0000] "GET /themes/contrib/bootstrap_barrio/css/components/item-list.css?s5k3p1 HTTP/1.1" 200 593 "http://demo1.drupalreact.com/" "Mozilla/5.0 (X11; Linux x86_64) AppleWebKit/537.36 (KHTML, like Gecko) Chrome/120.0.0.0 Safari/537.36"
137.59.225.165 - - [13/Dec/2023:10:18:32 +0000] "GET /themes/contrib/bootstrap_barrio/css/components/list-group.css?s5k3p1 HTTP/1.1" 200 493 "http://demo1.drupalreact.com/" "Mozilla/5.0 (X11; Linux x86_64) AppleWebKit/537.36 (KHTML, like Gecko) Chrome/120.0.0.0 Safari/537.36"
137.59.225.165 - - [13/Dec/2023:10:18:32 +0000] "GET /themes/contrib/bootstrap_barrio/css/components/media.css?s5k3p1 HTTP/1.1" 200 1026 "http://demo1.drupalreact.com/" "Mozilla/5.0 (X11; Linux x86_64) AppleWebKit/537.36 (KHTML, like Gecko) Chrome/120.0.0.0 Safari/537.36"
137.59.225.165 - - [13/Dec/2023:10:18:32 +0000] "GET /themes/contrib/bootstrap_barrio/css/components/page.css?s5k3p1 HTTP/1.1" 200 596 "http://demo1.drupalreact.com/" "Mozilla/5.0 (X11; Linux x86_64) AppleWebKit/537.36 (KHTML, like Gecko) Chrome/120.0.0.0 Safari/537.36"
137.59.225.165 - - [13/Dec/2023:10:18:32 +0000] "GET /themes/contrib/bootstrap_barrio/css/components/search-form.css?s5k3p1 HTTP/1.1" 200 527 "http://demo1.drupalreact.com/" "Mozilla/5.0 (X11; Linux x86_64) AppleWebKit/537.36 (KHTML, like Gecko) Chrome/120.0.0.0 Safari/537.36"
137.59.225.165 - - [13/Dec/2023:10:18:33 +0000] "GET /themes/contrib/bootstrap_barrio/css/components/sidebar.css?s5k3p1 HTTP/1.1" 200 604 "http://demo1.drupalreact.com/" "Mozilla/5.0 (X11; Linux x86_64) AppleWebKit/537.36 (KHTML, like Gecko) Chrome/120.0.0.0 Safari/537.36"
137.59.225.165 - - [13/Dec/2023:10:18:33 +0000] "GET /themes/contrib/bootstrap_barrio/css/components/site-footer.css?s5k3p1 HTTP/1.1" 200 1570 "http://demo1.drupalreact.com/" "Mozilla/5.0 (X11; Linux x86_64) AppleWebKit/537.36 (KHTML, like Gecko) Chrome/120.0.0.0 Safari/537.36"
137.59.225.165 - - [13/Dec/2023:10:18:33 +0000] "GET /themes/contrib/bootstrap_barrio/css/components/skip-link.css?s5k3p1 HTTP/1.1" 200 629 "http://demo1.drupalreact.com/" "Mozilla/5.0 (X11; Linux x86_64) AppleWebKit/537.36 (KHTML, like Gecko) Chrome/120.0.0.0 Safari/537.36"
137.59.225.165 - - [13/Dec/2023:10:18:33 +0000] "GET /themes/contrib/bootstrap_barrio/css/components/table.css?s5k3p1 HTTP/1.1" 200 831 "http://demo1.drupalreact.com/" "Mozilla/5.0 (X11; Linux x86_64) AppleWebKit/537.36 (KHTML, like Gecko) Chrome/120.0.0.0 Safari/537.36"
137.59.225.165 - - [13/Dec/2023:10:18:33 +0000] "GET /themes/contrib/bootstrap_barrio/css/components/tabledrag.css?s5k3p1 HTTP/1.1" 200 523 "http://demo1.drupalreact.com/" "Mozilla/5.0 (X11; Linux x86_64) AppleWebKit/537.36 (KHTML, like Gecko) Chrome/120.0.0.0 Safari/537.36"
137.59.225.165 - - [13/Dec/2023:10:18:33 +0000] "GET /themes/contrib/bootstrap_barrio/css/components/tableselect.css?s5k3p1 HTTP/1.1" 200 530 "http://demo1.drupalreact.com/" "Mozilla/5.0 (X11; Linux x86_64) AppleWebKit/537.36 (KHTML, like Gecko) Chrome/120.0.0.0 Safari/537.36"
137.59.225.165 - - [13/Dec/2023:10:18:33 +0000] "GET /themes/contrib/bootstrap_barrio/css/components/tablesort-indicator.css?s5k3p1 HTTP/1.1" 200 527 "http://demo1.drupalreact.com/" "Mozilla/5.0 (X11; Linux x86_64) AppleWebKit/537.36 (KHTML, like Gecko) Chrome/120.0.0.0 Safari/537.36"
137.59.225.165 - - [13/Dec/2023:10:18:33 +0000] "GET /themes/contrib/bootstrap_barrio/css/components/ui.widget.css?s5k3p1 HTTP/1.1" 200 477 "http://demo1.drupalreact.com/" "Mozilla/5.0 (X11; Linux x86_64) AppleWebKit/537.36 (KHTML, like Gecko) Chrome/120.0.0.0 Safari/537.36"
137.59.225.165 - - [13/Dec/2023:10:18:33 +0000] "GET /themes/contrib/bootstrap_barrio/css/components/tabs.css?s5k3p1 HTTP/1.1" 200 428 "http://demo1.drupalreact.com/" "Mozilla/5.0 (X11; Linux x86_64) AppleWebKit/537.36 (KHTML, like Gecko) Chrome/120.0.0.0 Safari/537.36"
137.59.225.165 - - [13/Dec/2023:10:18:33 +0000] "GET /themes/contrib/bootstrap_barrio/css/components/toolbar.css?s5k3p1 HTTP/1.1" 200 496 "http://demo1.drupalreact.com/" "Mozilla/5.0 (X11; Linux x86_64) AppleWebKit/537.36 (KHTML, like Gecko) Chrome/120.0.0.0 Safari/537.36"
137.59.225.165 - - [13/Dec/2023:10:18:33 +0000] "GET /themes/contrib/bootstrap_barrio/css/components/vertical-tabs.css?s5k3p1 HTTP/1.1" 200 846 "http://demo1.drupalreact.com/" "Mozilla/5.0 (X11; Linux x86_64) AppleWebKit/537.36 (KHTML, like Gecko) Chrome/120.0.0.0 Safari/537.36"
137.59.225.165 - - [13/Dec/2023:10:18:33 +0000] "GET /themes/contrib/bootstrap_barrio/css/components/views.css?s5k3p1 HTTP/1.1" 200 681 "http://demo1.drupalreact.com/" "Mozilla/5.0 (X11; Linux x86_64) AppleWebKit/537.36 (KHTML, like Gecko) Chrome/120.0.0.0 Safari/537.36"
137.59.225.165 - - [13/Dec/2023:10:18:33 +0000] "GET /themes/contrib/bootstrap_barrio/css/components/webform.css?s5k3p1 HTTP/1.1" 200 839 "http://demo1.drupalreact.com/" "Mozilla/5.0 (X11; Linux x86_64) AppleWebKit/537.36 (KHTML, like Gecko) Chrome/120.0.0.0 Safari/537.36"
137.59.225.165 - - [13/Dec/2023:10:18:33 +0000] "GET /themes/contrib/bootstrap_barrio/css/components/ui-dialog.css?s5k3p1 HTTP/1.1" 200 722 "http://demo1.drupalreact.com/" "Mozilla/5.0 (X11; Linux x86_64) AppleWebKit/537.36 (KHTML, like Gecko) Chrome/120.0.0.0 Safari/537.36"
137.59.225.165 - - [13/Dec/2023:10:18:33 +0000] "GET /themes/contrib/bootstrap_barrio/css/components/shortcut.css?s5k3p1 HTTP/1.1" 200 618 "http://demo1.drupalreact.com/" "Mozilla/5.0 (X11; Linux x86_64) AppleWebKit/537.36 (KHTML, like Gecko) Chrome/120.0.0.0 Safari/537.36"
137.59.225.165 - - [13/Dec/2023:10:18:34 +0000] "GET /themes/custom/theme_paypal/css/colors.css?s5k3p1 HTTP/1.1" 200 910 "http://demo1.drupalreact.com/" "Mozilla/5.0 (X11; Linux x86_64) AppleWebKit/537.36 (KHTML, like Gecko) Chrome/120.0.0.0 Safari/537.36"
137.59.225.165 - - [13/Dec/2023:10:18:34 +0000] "GET /themes/contrib/bootstrap_barrio/css/colors/messages/messages-white.css?s5k3p1 HTTP/1.1" 200 553 "http://demo1.drupalreact.com/" "Mozilla/5.0 (X11; Linux x86_64) AppleWebKit/537.36 (KHTML, like Gecko) Chrome/120.0.0.0 Safari/537.36"
137.59.225.165 - - [13/Dec/2023:10:18:34 +0000] "GET /core/assets/vendor/es6-promise/es6-promise.auto.min.js?v=4.2.8 HTTP/1.1" 200 2838 "http://demo1.drupalreact.com/" "Mozilla/5.0 (X11; Linux x86_64) AppleWebKit/537.36 (KHTML, like Gecko) Chrome/120.0.0.0 Safari/537.36"
137.59.225.165 - - [13/Dec/2023:10:18:34 +0000] "GET /core/misc/polyfills/array.find.js?v=9.5.11 HTTP/1.1" 200 797 "http://demo1.drupalreact.com/" "Mozilla/5.0 (X11; Linux x86_64) AppleWebKit/537.36 (KHTML, like Gecko) Chrome/120.0.0.0 Safari/537.36"
137.59.225.165 - - [13/Dec/2023:10:18:34 +0000] "GET /core/misc/polyfills/object.assign.js?v=9.5.11 HTTP/1.1" 200 830 "http://demo1.drupalreact.com/" "Mozilla/5.0 (X11; Linux x86_64) AppleWebKit/537.36 (KHTML, like Gecko) Chrome/120.0.0.0 Safari/537.36"
137.59.225.165 - - [13/Dec/2023:10:18:34 +0000] "GET /core/misc/drupalSettingsLoader.js?v=9.5.11 HTTP/1.1" 200 661 "http://demo1.drupalreact.com/" "Mozilla/5.0 (X11; Linux x86_64) AppleWebKit/537.36 (KHTML, like Gecko) Chrome/120.0.0.0 Safari/537.36"
137.59.225.165 - - [13/Dec/2023:10:18:34 +0000] "GET /core/misc/drupal.js?v=9.5.11 HTTP/1.1" 200 2208 "http://demo1.drupalreact.com/" "Mozilla/5.0 (X11; Linux x86_64) AppleWebKit/537.36 (KHTML, like Gecko) Chrome/120.0.0.0 Safari/537.36"
137.59.225.165 - - [13/Dec/2023:10:18:34 +0000] "GET /core/assets/vendor/popperjs/popper.min.js?v=2.11.6 HTTP/1.1" 200 7704 "http://demo1.drupalreact.com/" "Mozilla/5.0 (X11; Linux x86_64) AppleWebKit/537.36 (KHTML, like Gecko) Chrome/120.0.0.0 Safari/537.36"
137.59.225.165 - - [13/Dec/2023:10:18:34 +0000] "GET /themes/custom/theme_paypal/js/global.js?v=9.5.11 HTTP/1.1" 200 1005 "http://demo1.drupalreact.com/" "Mozilla/5.0 (X11; Linux x86_64) AppleWebKit/537.36 (KHTML, like Gecko) Chrome/120.0.0.0 Safari/537.36"
137.59.225.165 - - [13/Dec/2023:10:18:34 +0000] "GET /themes/custom/theme_paypal/css/style.css?s5k3p1 HTTP/1.1" 200 863 "http://demo1.drupalreact.com/" "Mozilla/5.0 (X11; Linux x86_64) AppleWebKit/537.36 (KHTML, like Gecko) Chrome/120.0.0.0 Safari/537.36"
137.59.225.165 - - [13/Dec/2023:10:18:34 +0000] "GET /themes/contrib/bootstrap_barrio/css/print.css?s5k3p1 HTTP/1.1" 200 664 "http://demo1.drupalreact.com/" "Mozilla/5.0 (X11; Linux x86_64) AppleWebKit/537.36 (KHTML, like Gecko) Chrome/120.0.0.0 Safari/537.36"
137.59.225.165 - - [13/Dec/2023:10:18:34 +0000] "GET /themes/contrib/bootstrap_barrio/images/feed.svg HTTP/1.1" 200 750 "http://demo1.drupalreact.com/themes/contrib/bootstrap_barrio/css/components/icons.css?s5k3p1" "Mozilla/5.0 (X11; Linux x86_64) AppleWebKit/537.36 (KHTML, like Gecko) Chrome/120.0.0.0 Safari/537.36"
137.59.225.165 - - [13/Dec/2023:10:18:35 +0000] "GET /themes/contrib/bootstrap_barrio/js/barrio.js?v=9.5.11 HTTP/1.1" 200 980 "http://demo1.drupalreact.com/" "Mozilla/5.0 (X11; Linux x86_64) AppleWebKit/537.36 (KHTML, like Gecko) Chrome/120.0.0.0 Safari/537.36"
137.59.225.165 - - [13/Dec/2023:10:18:35 +0000] "GET /core/misc/drupal.init.js?v=9.5.11 HTTP/1.1" 200 740 "http://demo1.drupalreact.com/" "Mozilla/5.0 (X11; Linux x86_64) AppleWebKit/537.36 (KHTML, like Gecko) Chrome/120.0.0.0 Safari/537.36"
137.59.225.165 - - [13/Dec/2023:10:18:35 +0000] "GET /core/misc/favicon.ico HTTP/1.1" 200 5731 "http://demo1.drupalreact.com/" "Mozilla/5.0 (X11; Linux x86_64) AppleWebKit/537.36 (KHTML, like Gecko) Chrome/120.0.0.0 Safari/537.36"
137.59.225.165 - - [13/Dec/2023:10:20:05 +0000] "GET /user/login HTTP/1.1" 200 4532 "http://demo1.drupalreact.com/" "Mozilla/5.0 (X11; Linux x86_64) AppleWebKit/537.36 (KHTML, like Gecko) Chrome/120.0.0.0 Safari/537.36"
137.59.225.165 - - [13/Dec/2023:10:20:06 +0000] "GET /themes/contrib/bootstrap_barrio/css/components/form.css?s5k3p1 HTTP/1.1" 200 723 "http://demo1.drupalreact.com/user/login" "Mozilla/5.0 (X11; Linux x86_64) AppleWebKit/537.36 (KHTML, like Gecko) Chrome/120.0.0.0 Safari/537.36"
137.59.225.165 - - [13/Dec/2023:10:20:06 +0000] "GET /themes/contrib/bootstrap_barrio/css/components/breadcrumb.css?s5k3p1 HTTP/1.1" 200 444 "http://demo1.drupalreact.com/user/login" "Mozilla/5.0 (X11; Linux x86_64) AppleWebKit/537.36 (KHTML, like Gecko) Chrome/120.0.0.0 Safari/537.36"
137.59.225.165 - - [13/Dec/2023:10:20:07 +0000] "GET /themes/contrib/bootstrap_barrio/images/required.svg HTTP/1.1" 200 801 "http://demo1.drupalreact.com/themes/contrib/bootstrap_barrio/css/components/form.css?s5k3p1" "Mozilla/5.0 (X11; Linux x86_64) AppleWebKit/537.36 (KHTML, like Gecko) Chrome/120.0.0.0 Safari/537.36"
119.160.114.229 - - [13/Dec/2023:10:20:07 +0000] "GET /user/login HTTP/1.1" 200 4494 "https://www.google.com/" "Mozilla/5.0 (Windows NT 10.0; Win64; x64) AppleWebKit/537.36 (KHTML, like Gecko) Chrome/119.0.0.0 Safari/537.36"
119.160.114.229 - - [13/Dec/2023:10:20:08 +0000] "GET /core/modules/system/css/components/autocomplete-loading.module.css?s5k3p1 HTTP/1.1" 200 548 "http://demo1.drupalreact.com/user/login" "Mozilla/5.0 (Windows NT 10.0; Win64; x64) AppleWebKit/537.36 (KHTML, like Gecko) Chrome/119.0.0.0 Safari/537.36"
119.160.114.229 - - [13/Dec/2023:10:20:08 +0000] "GET /core/modules/system/css/components/container-inline.module.css?s5k3p1 HTTP/1.1" 200 467 "http://demo1.drupalreact.com/user/login" "Mozilla/5.0 (Windows NT 10.0; Win64; x64) AppleWebKit/537.36 (KHTML, like Gecko) Chrome/119.0.0.0 Safari/537.36"
119.160.114.229 - - [13/Dec/2023:10:20:08 +0000] "GET /core/modules/system/css/components/clearfix.module.css?s5k3p1 HTTP/1.1" 200 520 "http://demo1.drupalreact.com/user/login" "Mozilla/5.0 (Windows NT 10.0; Win64; x64) AppleWebKit/537.36 (KHTML, like Gecko) Chrome/119.0.0.0 Safari/537.36"
119.160.114.229 - - [13/Dec/2023:10:20:09 +0000] "GET /core/modules/system/css/components/ajax-progress.module.css?s5k3p1 HTTP/1.1" 200 782 "http://demo1.drupalreact.com/user/login" "Mozilla/5.0 (Windows NT 10.0; Win64; x64) AppleWebKit/537.36 (KHTML, like Gecko) Chrome/119.0.0.0 Safari/537.36"
119.160.114.229 - - [13/Dec/2023:10:20:09 +0000] "GET /core/modules/system/css/components/align.module.css?s5k3p1 HTTP/1.1" 200 515 "http://demo1.drupalreact.com/user/login" "Mozilla/5.0 (Windows NT 10.0; Win64; x64) AppleWebKit/537.36 (KHTML, like Gecko) Chrome/119.0.0.0 Safari/537.36"
119.160.114.229 - - [13/Dec/2023:10:20:09 +0000] "GET /core/modules/system/css/components/fieldgroup.module.css?s5k3p1 HTTP/1.1" 200 392 "http://demo1.drupalreact.com/user/login" "Mozilla/5.0 (Windows NT 10.0; Win64; x64) AppleWebKit/537.36 (KHTML, like Gecko) Chrome/119.0.0.0 Safari/537.36"
119.160.114.229 - - [13/Dec/2023:10:20:10 +0000] "GET /core/modules/system/css/components/item-list.module.css?s5k3p1 HTTP/1.1" 200 453 "http://demo1.drupalreact.com/user/login" "Mozilla/5.0 (Windows NT 10.0; Win64; x64) AppleWebKit/537.36 (KHTML, like Gecko) Chrome/119.0.0.0 Safari/537.36"
119.160.114.229 - - [13/Dec/2023:10:20:10 +0000] "GET /core/modules/system/css/components/position-container.module.css?s5k3p1 HTTP/1.1" 200 391 "http://demo1.drupalreact.com/user/login" "Mozilla/5.0 (Windows NT 10.0; Win64; x64) AppleWebKit/537.36 (KHTML, like Gecko) Chrome/119.0.0.0 Safari/537.36"
119.160.114.229 - - [13/Dec/2023:10:20:10 +0000] "GET /core/modules/system/css/components/nowrap.module.css?s5k3p1 HTTP/1.1" 200 402 "http://demo1.drupalreact.com/user/login" "Mozilla/5.0 (Windows NT 10.0; Win64; x64) AppleWebKit/537.36 (KHTML, like Gecko) Chrome/119.0.0.0 Safari/537.36"
119.160.114.229 - - [13/Dec/2023:10:20:10 +0000] "GET /core/modules/system/css/components/details.module.css?s5k3p1 HTTP/1.1" 200 419 "http://demo1.drupalreact.com/user/login" "Mozilla/5.0 (Windows NT 10.0; Win64; x64) AppleWebKit/537.36 (KHTML, like Gecko) Chrome/119.0.0.0 Safari/537.36"
119.160.114.229 - - [13/Dec/2023:10:20:10 +0000] "GET /core/modules/system/css/components/js.module.css?s5k3p1 HTTP/1.1" 200 531 "http://demo1.drupalreact.com/user/login" "Mozilla/5.0 (Windows NT 10.0; Win64; x64) AppleWebKit/537.36 (KHTML, like Gecko) Chrome/119.0.0.0 Safari/537.36"
119.160.114.229 - - [13/Dec/2023:10:20:11 +0000] "GET /core/modules/system/css/components/reset-appearance.module.css?s5k3p1 HTTP/1.1" 200 488 "http://demo1.drupalreact.com/user/login" "Mozilla/5.0 (Windows NT 10.0; Win64; x64) AppleWebKit/537.36 (KHTML, like Gecko) Chrome/119.0.0.0 Safari/537.36"
119.160.114.229 - - [13/Dec/2023:10:20:11 +0000] "GET /core/modules/system/css/components/sticky-header.module.css?s5k3p1 HTTP/1.1" 200 442 "http://demo1.drupalreact.com/user/login" "Mozilla/5.0 (Windows NT 10.0; Win64; x64) AppleWebKit/537.36 (KHTML, like Gecko) Chrome/119.0.0.0 Safari/537.36"
119.160.114.229 - - [13/Dec/2023:10:20:11 +0000] "GET /core/modules/system/css/components/resize.module.css?s5k3p1 HTTP/1.1" 200 454 "http://demo1.drupalreact.com/user/login" "Mozilla/5.0 (Windows NT 10.0; Win64; x64) AppleWebKit/537.36 (KHTML, like Gecko) Chrome/119.0.0.0 Safari/537.36"
119.160.114.229 - - [13/Dec/2023:10:20:11 +0000] "GET /core/modules/system/css/components/progress.module.css?s5k3p1 HTTP/1.1" 200 649 "http://demo1.drupalreact.com/user/login" "Mozilla/5.0 (Windows NT 10.0; Win64; x64) AppleWebKit/537.36 (KHTML, like Gecko) Chrome/119.0.0.0 Safari/537.36"
119.160.114.229 - - [13/Dec/2023:10:20:11 +0000] "GET /core/modules/system/css/components/system-status-counter.css?s5k3p1 HTTP/1.1" 200 612 "http://demo1.drupalreact.com/user/login" "Mozilla/5.0 (Windows NT 10.0; Win64; x64) AppleWebKit/537.36 (KHTML, like Gecko) Chrome/119.0.0.0 Safari/537.36"
119.160.114.229 - - [13/Dec/2023:10:20:12 +0000] "GET /core/modules/system/css/components/hidden.module.css?s5k3p1 HTTP/1.1" 200 948 "http://demo1.drupalreact.com/user/login" "Mozilla/5.0 (Windows NT 10.0; Win64; x64) AppleWebKit/537.36 (KHTML, like Gecko) Chrome/119.0.0.0 Safari/537.36"
119.160.114.229 - - [13/Dec/2023:10:20:12 +0000] "GET /core/modules/system/css/components/system-status-report-counters.css?s5k3p1 HTTP/1.1" 200 604 "http://demo1.drupalreact.com/user/login" "Mozilla/5.0 (Windows NT 10.0; Win64; x64) AppleWebKit/537.36 (KHTML, like Gecko) Chrome/119.0.0.0 Safari/537.36"
119.160.114.229 - - [13/Dec/2023:10:20:13 +0000] "GET /core/modules/system/css/components/tabledrag.module.css?s5k3p1 HTTP/1.1" 200 989 "http://demo1.drupalreact.com/user/login" "Mozilla/5.0 (Windows NT 10.0; Win64; x64) AppleWebKit/537.36 (KHTML, like Gecko) Chrome/119.0.0.0 Safari/537.36"
119.160.114.229 - - [13/Dec/2023:10:20:13 +0000] "GET /core/modules/system/css/components/system-status-report-general-info.css?s5k3p1 HTTP/1.1" 200 471 "http://demo1.drupalreact.com/user/login" "Mozilla/5.0 (Windows NT 10.0; Win64; x64) AppleWebKit/537.36 (KHTML, like Gecko) Chrome/119.0.0.0 Safari/537.36"
119.160.114.229 - - [13/Dec/2023:10:20:13 +0000] "GET /core/modules/system/css/components/tree-child.module.css?s5k3p1 HTTP/1.1" 200 518 "http://demo1.drupalreact.com/user/login" "Mozilla/5.0 (Windows NT 10.0; Win64; x64) AppleWebKit/537.36 (KHTML, like Gecko) Chrome/119.0.0.0 Safari/537.36"
119.160.114.229 - - [13/Dec/2023:10:20:13 +0000] "GET /core/modules/system/css/components/tablesort.module.css?s5k3p1 HTTP/1.1" 200 507 "http://demo1.drupalreact.com/user/login" "Mozilla/5.0 (Windows NT 10.0; Win64; x64) AppleWebKit/537.36 (KHTML, like Gecko) Chrome/119.0.0.0 Safari/537.36"
119.160.114.229 - - [13/Dec/2023:10:20:13 +0000] "GET /themes/contrib/bootstrap_barrio/css/components/variables.css?s5k3p1 HTTP/1.1" 200 462 "http://demo1.drupalreact.com/user/login" "Mozilla/5.0 (Windows NT 10.0; Win64; x64) AppleWebKit/537.36 (KHTML, like Gecko) Chrome/119.0.0.0 Safari/537.36"
137.59.225.165 - - [13/Dec/2023:10:20:13 +0000] "POST /user/login HTTP/1.1" 303 1231 "http://demo1.drupalreact.com/user/login" "Mozilla/5.0 (X11; Linux x86_64) AppleWebKit/537.36 (KHTML, like Gecko) Chrome/120.0.0.0 Safari/537.36"
119.160.114.229 - - [13/Dec/2023:10:20:14 +0000] "GET /themes/contrib/bootstrap_barrio/css/components/user.css?s5k3p1 HTTP/1.1" 200 991 "http://demo1.drupalreact.com/user/login" "Mozilla/5.0 (Windows NT 10.0; Win64; x64) AppleWebKit/537.36 (KHTML, like Gecko) Chrome/119.0.0.0 Safari/537.36"
119.160.114.229 - - [13/Dec/2023:10:20:14 +0000] "GET /themes/contrib/bootstrap_barrio/css/components/affix.css?s5k3p1 HTTP/1.1" 200 434 "http://demo1.drupalreact.com/user/login" "Mozilla/5.0 (Windows NT 10.0; Win64; x64) AppleWebKit/537.36 (KHTML, like Gecko) Chrome/119.0.0.0 Safari/537.36"
119.160.114.229 - - [13/Dec/2023:10:20:14 +0000] "GET /themes/contrib/bootstrap_barrio/css/components/book.css?s5k3p1 HTTP/1.1" 200 463 "http://demo1.drupalreact.com/user/login" "Mozilla/5.0 (Windows NT 10.0; Win64; x64) AppleWebKit/537.36 (KHTML, like Gecko) Chrome/119.0.0.0 Safari/537.36"
119.160.114.229 - - [13/Dec/2023:10:20:14 +0000] "GET /themes/contrib/bootstrap_barrio/css/components/progress.css?s5k3p1 HTTP/1.1" 200 288 "http://demo1.drupalreact.com/user/login" "Mozilla/5.0 (Windows NT 10.0; Win64; x64) AppleWebKit/537.36 (KHTML, like Gecko) Chrome/119.0.0.0 Safari/537.36"
119.160.114.229 - - [13/Dec/2023:10:20:14 +0000] "GET /themes/contrib/bootstrap_barrio/css/components/contextual.css?s5k3p1 HTTP/1.1" 200 427 "http://demo1.drupalreact.com/user/login" "Mozilla/5.0 (Windows NT 10.0; Win64; x64) AppleWebKit/537.36 (KHTML, like Gecko) Chrome/119.0.0.0 Safari/537.36"
119.160.114.229 - - [13/Dec/2023:10:20:15 +0000] "GET /themes/contrib/bootstrap_barrio/css/components/feed-icon.css?s5k3p1 HTTP/1.1" 200 438 "http://demo1.drupalreact.com/user/login" "Mozilla/5.0 (Windows NT 10.0; Win64; x64) AppleWebKit/537.36 (KHTML, like Gecko) Chrome/119.0.0.0 Safari/537.36"
137.59.225.165 - - [13/Dec/2023:10:20:14 +0000] "GET /user/1?check_logged_in=1 HTTP/1.1" 200 16523 "http://demo1.drupalreact.com/user/login" "Mozilla/5.0 (X11; Linux x86_64) AppleWebKit/537.36 (KHTML, like Gecko) Chrome/120.0.0.0 Safari/537.36"
137.59.225.165 - - [13/Dec/2023:10:20:15 +0000] "GET /core/modules/contextual/css/contextual.module.css?s5k3p1 HTTP/1.1" 200 527 "http://demo1.drupalreact.com/user/1?check_logged_in=1" "Mozilla/5.0 (X11; Linux x86_64) AppleWebKit/537.36 (KHTML, like Gecko) Chrome/120.0.0.0 Safari/537.36"
119.160.114.229 - - [13/Dec/2023:10:20:15 +0000] "GET /themes/contrib/bootstrap_barrio/css/components/field.css?s5k3p1 HTTP/1.1" 200 819 "http://demo1.drupalreact.com/user/login" "Mozilla/5.0 (Windows NT 10.0; Win64; x64) AppleWebKit/537.36 (KHTML, like Gecko) Chrome/119.0.0.0 Safari/537.36"
137.59.225.165 - - [13/Dec/2023:10:20:15 +0000] "GET /modules/contrib/devel/css/devel.toolbar.css?s5k3p1 HTTP/1.1" 200 636 "http://demo1.drupalreact.com/user/1?check_logged_in=1" "Mozilla/5.0 (X11; Linux x86_64) AppleWebKit/537.36 (KHTML, like Gecko) Chrome/120.0.0.0 Safari/537.36"
137.59.225.165 - - [13/Dec/2023:10:20:15 +0000] "GET /core/modules/tour/css/tour.module.css?s5k3p1 HTTP/1.1" 200 1289 "http://demo1.drupalreact.com/user/1?check_logged_in=1" "Mozilla/5.0 (X11; Linux x86_64) AppleWebKit/537.36 (KHTML, like Gecko) Chrome/120.0.0.0 Safari/537.36"
137.59.225.165 - - [13/Dec/2023:10:20:15 +0000] "GET /core/themes/claro/css/components/toolbar.module.css?s5k3p1 HTTP/1.1" 200 2347 "http://demo1.drupalreact.com/user/1?check_logged_in=1" "Mozilla/5.0 (X11; Linux x86_64) AppleWebKit/537.36 (KHTML, like Gecko) Chrome/120.0.0.0 Safari/537.36"
137.59.225.165 - - [13/Dec/2023:10:20:15 +0000] "GET /core/modules/contextual/css/contextual.toolbar.css?s5k3p1 HTTP/1.1" 200 671 "http://demo1.drupalreact.com/user/1?check_logged_in=1" "Mozilla/5.0 (X11; Linux x86_64) AppleWebKit/537.36 (KHTML, like Gecko) Chrome/120.0.0.0 Safari/537.36"
137.59.225.165 - - [13/Dec/2023:10:20:15 +0000] "GET /core/modules/contextual/css/contextual.theme.css?s5k3p1 HTTP/1.1" 200 1072 "http://demo1.drupalreact.com/user/1?check_logged_in=1" "Mozilla/5.0 (X11; Linux x86_64) AppleWebKit/537.36 (KHTML, like Gecko) Chrome/120.0.0.0 Safari/537.36"
119.160.114.229 - - [13/Dec/2023:10:20:15 +0000] "GET /themes/contrib/bootstrap_barrio/css/components/header.css?s5k3p1 HTTP/1.1" 200 557 "http://demo1.drupalreact.com/user/login" "Mozilla/5.0 (Windows NT 10.0; Win64; x64) AppleWebKit/537.36 (KHTML, like Gecko) Chrome/119.0.0.0 Safari/537.36"
137.59.225.165 - - [13/Dec/2023:10:20:15 +0000] "GET /core/themes/claro/css/state/toolbar.menu.css?s5k3p1 HTTP/1.1" 200 1238 "http://demo1.drupalreact.com/user/1?check_logged_in=1" "Mozilla/5.0 (X11; Linux x86_64) AppleWebKit/537.36 (KHTML, like Gecko) Chrome/120.0.0.0 Safari/537.36"
119.160.114.229 - - [13/Dec/2023:10:20:15 +0000] "GET /themes/contrib/bootstrap_barrio/css/components/icons.css?s5k3p1 HTTP/1.1" 200 773 "http://demo1.drupalreact.com/user/login" "Mozilla/5.0 (Windows NT 10.0; Win64; x64) AppleWebKit/537.36 (KHTML, like Gecko) Chrome/119.0.0.0 Safari/537.36"
119.160.114.229 - - [13/Dec/2023:10:20:15 +0000] "GET /themes/contrib/bootstrap_barrio/css/components/image-button.css?s5k3p1 HTTP/1.1" 200 467 "http://demo1.drupalreact.com/user/login" "Mozilla/5.0 (Windows NT 10.0; Win64; x64) AppleWebKit/537.36 (KHTML, like Gecko) Chrome/119.0.0.0 Safari/537.36"
137.59.225.165 - - [13/Dec/2023:10:20:15 +0000] "GET /core/modules/contextual/css/contextual.icons.theme.css?s5k3p1 HTTP/1.1" 200 692 "http://demo1.drupalreact.com/user/1?check_logged_in=1" "Mozilla/5.0 (X11; Linux x86_64) AppleWebKit/537.36 (KHTML, like Gecko) Chrome/120.0.0.0 Safari/537.36"
137.59.225.165 - - [13/Dec/2023:10:20:15 +0000] "GET /core/themes/claro/css/theme/toolbar.theme.css?s5k3p1 HTTP/1.1" 200 1455 "http://demo1.drupalreact.com/user/1?check_logged_in=1" "Mozilla/5.0 (X11; Linux x86_64) AppleWebKit/537.36 (KHTML, like Gecko) Chrome/120.0.0.0 Safari/537.36"
137.59.225.165 - - [13/Dec/2023:10:20:15 +0000] "GET /core/modules/user/css/user.icons.admin.css?s5k3p1 HTTP/1.1" 200 516 "http://demo1.drupalreact.com/user/1?check_logged_in=1" "Mozilla/5.0 (X11; Linux x86_64) AppleWebKit/537.36 (KHTML, like Gecko) Chrome/120.0.0.0 Safari/537.36"
137.59.225.165 - - [13/Dec/2023:10:20:15 +0000] "GET /core/themes/claro/css/theme/toolbar.icons.theme.css?s5k3p1 HTTP/1.1" 200 5172 "http://demo1.drupalreact.com/user/1?check_logged_in=1" "Mozilla/5.0 (X11; Linux x86_64) AppleWebKit/537.36 (KHTML, like Gecko) Chrome/120.0.0.0 Safari/537.36"
137.59.225.165 - - [13/Dec/2023:10:20:15 +0000] "GET /modules/contrib/admin_toolbar/admin_toolbar_tools/css/tools.css?s5k3p1 HTTP/1.1" 200 667 "http://demo1.drupalreact.com/user/1?check_logged_in=1" "Mozilla/5.0 (X11; Linux x86_64) AppleWebKit/537.36 (KHTML, like Gecko) Chrome/120.0.0.0 Safari/537.36"
137.59.225.165 - - [13/Dec/2023:10:20:15 +0000] "GET /core/modules/shortcut/css/shortcut.theme.css?s5k3p1 HTTP/1.1" 200 793 "http://demo1.drupalreact.com/user/1?check_logged_in=1" "Mozilla/5.0 (X11; Linux x86_64) AppleWebKit/537.36 (KHTML, like Gecko) Chrome/120.0.0.0 Safari/537.36"
119.160.114.229 - - [13/Dec/2023:10:20:16 +0000] "GET /themes/contrib/bootstrap_barrio/css/components/help.css?s5k3p1 HTTP/1.1" 200 433 "http://demo1.drupalreact.com/user/login" "Mozilla/5.0 (Windows NT 10.0; Win64; x64) AppleWebKit/537.36 (KHTML, like Gecko) Chrome/119.0.0.0 Safari/537.36"
137.59.225.165 - - [13/Dec/2023:10:20:16 +0000] "GET /core/modules/shortcut/css/shortcut.icons.theme.css?s5k3p1 HTTP/1.1" 200 707 "http://demo1.drupalreact.com/user/1?check_logged_in=1" "Mozilla/5.0 (X11; Linux x86_64) AppleWebKit/537.36 (KHTML, like Gecko) Chrome/120.0.0.0 Safari/537.36"
137.59.225.165 - - [13/Dec/2023:10:20:16 +0000] "GET /modules/contrib/admin_toolbar/css/admin.toolbar.css?s5k3p1 HTTP/1.1" 200 1072 "http://demo1.drupalreact.com/user/1?check_logged_in=1" "Mozilla/5.0 (X11; Linux x86_64) AppleWebKit/537.36 (KHTML, like Gecko) Chrome/120.0.0.0 Safari/537.36"
137.59.225.165 - - [13/Dec/2023:10:20:16 +0000] "GET /modules/contrib/commerce/css/commerce.icons.css?s5k3p1 HTTP/1.1" 200 580 "http://demo1.drupalreact.com/user/1?check_logged_in=1" "Mozilla/5.0 (X11; Linux x86_64) AppleWebKit/537.36 (KHTML, like Gecko) Chrome/120.0.0.0 Safari/537.36"
137.59.225.165 - - [13/Dec/2023:10:20:16 +0000] "GET /core/misc/touchevents-test.js?v=9.5.11 HTTP/1.1" 200 582 "http://demo1.drupalreact.com/user/1?check_logged_in=1" "Mozilla/5.0 (X11; Linux x86_64) AppleWebKit/537.36 (KHTML, like Gecko) Chrome/120.0.0.0 Safari/537.36"
137.59.225.165 - - [13/Dec/2023:10:20:16 +0000] "GET /core/assets/vendor/modernizr/modernizr.min.js?v=3.11.7 HTTP/1.1" 200 3441 "http://demo1.drupalreact.com/user/1?check_logged_in=1" "Mozilla/5.0 (X11; Linux x86_64) AppleWebKit/537.36 (KHTML, like Gecko) Chrome/120.0.0.0 Safari/537.36"
137.59.225.165 - - [13/Dec/2023:10:20:16 +0000] "GET /core/misc/modernizr-additional-tests.js?v=3.11.7 HTTP/1.1" 200 1315 "http://demo1.drupalreact.com/user/1?check_logged_in=1" "Mozilla/5.0 (X11; Linux x86_64) AppleWebKit/537.36 (KHTML, like Gecko) Chrome/120.0.0.0 Safari/537.36"
119.160.114.229 - - [13/Dec/2023:10:20:16 +0000] "GET /themes/contrib/bootstrap_barrio/css/components/item-list.css?s5k3p1 HTTP/1.1" 200 557 "http://demo1.drupalreact.com/user/login" "Mozilla/5.0 (Windows NT 10.0; Win64; x64) AppleWebKit/537.36 (KHTML, like Gecko) Chrome/119.0.0.0 Safari/537.36"
137.59.225.165 - - [13/Dec/2023:10:20:16 +0000] "GET /core/misc/polyfills/nodelist.foreach.js?v=9.5.11 HTTP/1.1" 200 549 "http://demo1.drupalreact.com/user/1?check_logged_in=1" "Mozilla/5.0 (X11; Linux x86_64) AppleWebKit/537.36 (KHTML, like Gecko) Chrome/120.0.0.0 Safari/537.36"
137.59.225.165 - - [13/Dec/2023:10:20:16 +0000] "GET /core/assets/vendor/jquery/jquery.min.js?v=3.6.3 HTTP/1.1" 200 31432 "http://demo1.drupalreact.com/user/1?check_logged_in=1" "Mozilla/5.0 (X11; Linux x86_64) AppleWebKit/537.36 (KHTML, like Gecko) Chrome/120.0.0.0 Safari/537.36"
137.59.225.165 - - [13/Dec/2023:10:20:16 +0000] "GET /core/misc/polyfills/element.matches.js?v=9.5.11 HTTP/1.1" 200 557 "http://demo1.drupalreact.com/user/1?check_logged_in=1" "Mozilla/5.0 (X11; Linux x86_64) AppleWebKit/537.36 (KHTML, like Gecko) Chrome/120.0.0.0 Safari/537.36"
137.59.225.165 - - [13/Dec/2023:10:20:16 +0000] "GET /core/assets/vendor/css-escape/css.escape.js?v=1.5.1 HTTP/1.1" 200 1543 "http://demo1.drupalreact.com/user/1?check_logged_in=1" "Mozilla/5.0 (X11; Linux x86_64) AppleWebKit/537.36 (KHTML, like Gecko) Chrome/120.0.0.0 Safari/537.36"
137.59.225.165 - - [13/Dec/2023:10:20:16 +0000] "GET /core/assets/vendor/underscore/underscore-min.js?v=1.13.6 HTTP/1.1" 200 7845 "http://demo1.drupalreact.com/user/1?check_logged_in=1" "Mozilla/5.0 (X11; Linux x86_64) AppleWebKit/537.36 (KHTML, like Gecko) Chrome/120.0.0.0 Safari/537.36"
137.59.225.165 - - [13/Dec/2023:10:20:16 +0000] "GET /core/assets/vendor/once/once.min.js?v=1.0.1 HTTP/1.1" 200 1048 "http://demo1.drupalreact.com/user/1?check_logged_in=1" "Mozilla/5.0 (X11; Linux x86_64) AppleWebKit/537.36 (KHTML, like Gecko) Chrome/120.0.0.0 Safari/537.36"
137.59.225.165 - - [13/Dec/2023:10:20:16 +0000] "GET /core/assets/vendor/jquery-once/jquery.once.min.js?v=9.5.11 HTTP/1.1" 200 787 "http://demo1.drupalreact.com/user/1?check_logged_in=1" "Mozilla/5.0 (X11; Linux x86_64) AppleWebKit/537.36 (KHTML, like Gecko) Chrome/120.0.0.0 Safari/537.36"
137.59.225.165 - - [13/Dec/2023:10:20:16 +0000] "GET /core/assets/vendor/backbone/backbone-min.js?v=1.4.1 HTTP/1.1" 200 8373 "http://demo1.drupalreact.com/user/1?check_logged_in=1" "Mozilla/5.0 (X11; Linux x86_64) AppleWebKit/537.36 (KHTML, like Gecko) Chrome/120.0.0.0 Safari/537.36"
137.59.225.165 - - [13/Dec/2023:10:20:16 +0000] "GET /core/modules/contextual/js/contextual.js?v=9.5.11 HTTP/1.1" 200 2183 "http://demo1.drupalreact.com/user/1?check_logged_in=1" "Mozilla/5.0 (X11; Linux x86_64) AppleWebKit/537.36 (KHTML, like Gecko) Chrome/120.0.0.0 Safari/537.36"
137.59.225.165 - - [13/Dec/2023:10:20:16 +0000] "GET /core/modules/contextual/js/models/StateModel.js?v=9.5.11 HTTP/1.1" 200 809 "http://demo1.drupalreact.com/user/1?check_logged_in=1" "Mozilla/5.0 (X11; Linux x86_64) AppleWebKit/537.36 (KHTML, like Gecko) Chrome/120.0.0.0 Safari/537.36"
137.59.225.165 - - [13/Dec/2023:10:20:16 +0000] "GET /core/modules/contextual/js/views/AuralView.js?v=9.5.11 HTTP/1.1" 200 830 "http://demo1.drupalreact.com/user/1?check_logged_in=1" "Mozilla/5.0 (X11; Linux x86_64) AppleWebKit/537.36 (KHTML, like Gecko) Chrome/120.0.0.0 Safari/537.36"
119.160.114.229 - - [13/Dec/2023:10:20:16 +0000] "GET /themes/contrib/bootstrap_barrio/css/components/list-group.css?s5k3p1 HTTP/1.1" 200 457 "http://demo1.drupalreact.com/user/login" "Mozilla/5.0 (Windows NT 10.0; Win64; x64) AppleWebKit/537.36 (KHTML, like Gecko) Chrome/119.0.0.0 Safari/537.36"
119.160.114.229 - - [13/Dec/2023:10:20:16 +0000] "GET /themes/contrib/bootstrap_barrio/css/components/media.css?s5k3p1 HTTP/1.1" 200 990 "http://demo1.drupalreact.com/user/login" "Mozilla/5.0 (Windows NT 10.0; Win64; x64) AppleWebKit/537.36 (KHTML, like Gecko) Chrome/119.0.0.0 Safari/537.36"
137.59.225.165 - - [13/Dec/2023:10:20:17 +0000] "GET /core/modules/contextual/js/views/KeyboardView.js?v=9.5.11 HTTP/1.1" 200 748 "http://demo1.drupalreact.com/user/1?check_logged_in=1" "Mozilla/5.0 (X11; Linux x86_64) AppleWebKit/537.36 (KHTML, like Gecko) Chrome/120.0.0.0 Safari/537.36"
137.59.225.165 - - [13/Dec/2023:10:20:17 +0000] "GET /core/modules/contextual/js/views/RegionView.js?v=9.5.11 HTTP/1.1" 200 806 "http://demo1.drupalreact.com/user/1?check_logged_in=1" "Mozilla/5.0 (X11; Linux x86_64) AppleWebKit/537.36 (KHTML, like Gecko) Chrome/120.0.0.0 Safari/537.36"
137.59.225.165 - - [13/Dec/2023:10:20:17 +0000] "GET /core/modules/contextual/js/views/VisualView.js?v=9.5.11 HTTP/1.1" 200 996 "http://demo1.drupalreact.com/user/1?check_logged_in=1" "Mozilla/5.0 (X11; Linux x86_64) AppleWebKit/537.36 (KHTML, like Gecko) Chrome/120.0.0.0 Safari/537.36"
119.160.114.229 - - [13/Dec/2023:10:20:17 +0000] "GET /themes/contrib/bootstrap_barrio/css/components/search-form.css?s5k3p1 HTTP/1.1" 200 491 "http://demo1.drupalreact.com/user/login" "Mozilla/5.0 (Windows NT 10.0; Win64; x64) AppleWebKit/537.36 (KHTML, like Gecko) Chrome/119.0.0.0 Safari/537.36"
119.160.114.229 - - [13/Dec/2023:10:20:17 +0000] "GET /themes/contrib/bootstrap_barrio/css/components/page.css?s5k3p1 HTTP/1.1" 200 560 "http://demo1.drupalreact.com/user/login" "Mozilla/5.0 (Windows NT 10.0; Win64; x64) AppleWebKit/537.36 (KHTML, like Gecko) Chrome/119.0.0.0 Safari/537.36"
137.59.225.165 - - [13/Dec/2023:10:20:17 +0000] "GET /core/assets/vendor/tabbable/index.umd.min.js?v=5.3.3 HTTP/1.1" 200 2485 "http://demo1.drupalreact.com/user/1?check_logged_in=1" "Mozilla/5.0 (X11; Linux x86_64) AppleWebKit/537.36 (KHTML, like Gecko) Chrome/120.0.0.0 Safari/537.36"
137.59.225.165 - - [13/Dec/2023:10:20:17 +0000] "GET /core/misc/progress.js?v=9.5.11 HTTP/1.1" 200 1353 "http://demo1.drupalreact.com/user/1?check_logged_in=1" "Mozilla/5.0 (X11; Linux x86_64) AppleWebKit/537.36 (KHTML, like Gecko) Chrome/120.0.0.0 Safari/537.36"
137.59.225.165 - - [13/Dec/2023:10:20:17 +0000] "GET /core/misc/jquery.once.bc.js?v=9.5.11 HTTP/1.1" 200 853 "http://demo1.drupalreact.com/user/1?check_logged_in=1" "Mozilla/5.0 (X11; Linux x86_64) AppleWebKit/537.36 (KHTML, like Gecko) Chrome/120.0.0.0 Safari/537.36"
137.59.225.165 - - [13/Dec/2023:10:20:17 +0000] "GET /core/assets/vendor/loadjs/loadjs.min.js?v=4.2.0 HTTP/1.1" 200 1239 "http://demo1.drupalreact.com/user/1?check_logged_in=1" "Mozilla/5.0 (X11; Linux x86_64) AppleWebKit/537.36 (KHTML, like Gecko) Chrome/120.0.0.0 Safari/537.36"
137.59.225.165 - - [13/Dec/2023:10:20:17 +0000] "GET /core/misc/ajax.js?v=9.5.11 HTTP/1.1" 200 6822 "http://demo1.drupalreact.com/user/1?check_logged_in=1" "Mozilla/5.0 (X11; Linux x86_64) AppleWebKit/537.36 (KHTML, like Gecko) Chrome/120.0.0.0 Safari/537.36"
137.59.225.165 - - [13/Dec/2023:10:20:17 +0000] "GET /core/misc/active-link.js?v=9.5.11 HTTP/1.1" 200 988 "http://demo1.drupalreact.com/user/1?check_logged_in=1" "Mozilla/5.0 (X11; Linux x86_64) AppleWebKit/537.36 (KHTML, like Gecko) Chrome/120.0.0.0 Safari/537.36"
137.59.225.165 - - [13/Dec/2023:10:20:17 +0000] "GET /core/misc/debounce.js?v=9.5.11 HTTP/1.1" 200 747 "http://demo1.drupalreact.com/user/1?check_logged_in=1" "Mozilla/5.0 (X11; Linux x86_64) AppleWebKit/537.36 (KHTML, like Gecko) Chrome/120.0.0.0 Safari/537.36"
137.59.225.165 - - [13/Dec/2023:10:20:17 +0000] "GET /core/misc/announce.js?v=9.5.11 HTTP/1.1" 200 942 "http://demo1.drupalreact.com/user/1?check_logged_in=1" "Mozilla/5.0 (X11; Linux x86_64) AppleWebKit/537.36 (KHTML, like Gecko) Chrome/120.0.0.0 Safari/537.36"
137.59.225.165 - - [13/Dec/2023:10:20:17 +0000] "GET /core/misc/displace.js?v=9.5.11 HTTP/1.1" 200 1291 "http://demo1.drupalreact.com/user/1?check_logged_in=1" "Mozilla/5.0 (X11; Linux x86_64) AppleWebKit/537.36 (KHTML, like Gecko) Chrome/120.0.0.0 Safari/537.36"
119.160.114.229 - - [13/Dec/2023:10:20:17 +0000] "GET /themes/contrib/bootstrap_barrio/css/components/shortcut.css?s5k3p1 HTTP/1.1" 200 582 "http://demo1.drupalreact.com/user/login" "Mozilla/5.0 (Windows NT 10.0; Win64; x64) AppleWebKit/537.36 (KHTML, like Gecko) Chrome/119.0.0.0 Safari/537.36"
137.59.225.165 - - [13/Dec/2023:10:20:17 +0000] "GET /core/modules/toolbar/js/toolbar.menu.js?v=9.5.11 HTTP/1.1" 200 1569 "http://demo1.drupalreact.com/user/1?check_logged_in=1" "Mozilla/5.0 (X11; Linux x86_64) AppleWebKit/537.36 (KHTML, like Gecko) Chrome/120.0.0.0 Safari/537.36"
137.59.225.165 - - [13/Dec/2023:10:20:17 +0000] "GET /core/modules/toolbar/js/toolbar.js?v=9.5.11 HTTP/1.1" 200 2078 "http://demo1.drupalreact.com/user/1?check_logged_in=1" "Mozilla/5.0 (X11; Linux x86_64) AppleWebKit/537.36 (KHTML, like Gecko) Chrome/120.0.0.0 Safari/537.36"
119.160.114.229 - - [13/Dec/2023:10:20:17 +0000] "GET /themes/contrib/bootstrap_barrio/css/components/sidebar.css?s5k3p1 HTTP/1.1" 200 568 "http://demo1.drupalreact.com/user/login" "Mozilla/5.0 (Windows NT 10.0; Win64; x64) AppleWebKit/537.36 (KHTML, like Gecko) Chrome/119.0.0.0 Safari/537.36"
137.59.225.165 - - [13/Dec/2023:10:20:17 +0000] "GET /core/modules/toolbar/js/models/ToolbarModel.js?v=9.5.11 HTTP/1.1" 200 828 "http://demo1.drupalreact.com/user/1?check_logged_in=1" "Mozilla/5.0 (X11; Linux x86_64) AppleWebKit/537.36 (KHTML, like Gecko) Chrome/120.0.0.0 Safari/537.36"
137.59.225.165 - - [13/Dec/2023:10:20:17 +0000] "GET /core/modules/toolbar/js/views/BodyVisualView.js?v=9.5.11 HTTP/1.1" 200 765 "http://demo1.drupalreact.com/user/1?check_logged_in=1" "Mozilla/5.0 (X11; Linux x86_64) AppleWebKit/537.36 (KHTML, like Gecko) Chrome/120.0.0.0 Safari/537.36"
137.59.225.165 - - [13/Dec/2023:10:20:17 +0000] "GET /core/modules/toolbar/js/views/MenuVisualView.js?v=9.5.11 HTTP/1.1" 200 790 "http://demo1.drupalreact.com/user/1?check_logged_in=1" "Mozilla/5.0 (X11; Linux x86_64) AppleWebKit/537.36 (KHTML, like Gecko) Chrome/120.0.0.0 Safari/537.36"
137.59.225.165 - - [13/Dec/2023:10:20:17 +0000] "GET /core/modules/toolbar/js/views/ToolbarAuralView.js?v=9.5.11 HTTP/1.1" 200 914 "http://demo1.drupalreact.com/user/1?check_logged_in=1" "Mozilla/5.0 (X11; Linux x86_64) AppleWebKit/537.36 (KHTML, like Gecko) Chrome/120.0.0.0 Safari/537.36"
137.59.225.165 - - [13/Dec/2023:10:20:17 +0000] "GET /core/modules/toolbar/js/views/ToolbarVisualView.js?v=9.5.11 HTTP/1.1" 200 2354 "http://demo1.drupalreact.com/user/1?check_logged_in=1" "Mozilla/5.0 (X11; Linux x86_64) AppleWebKit/537.36 (KHTML, like Gecko) Chrome/120.0.0.0 Safari/537.36"
137.59.225.165 - - [13/Dec/2023:10:20:18 +0000] "GET /core/modules/tour/js/tour.js?v=9.5.11 HTTP/1.1" 200 2318 "http://demo1.drupalreact.com/user/1?check_logged_in=1" "Mozilla/5.0 (X11; Linux x86_64) AppleWebKit/537.36 (KHTML, like Gecko) Chrome/120.0.0.0 Safari/537.36"
137.59.225.165 - - [13/Dec/2023:10:20:18 +0000] "GET /core/assets/vendor/shepherd/shepherd.min.js?v=9.1.1 HTTP/1.1" 200 18045 "http://demo1.drupalreact.com/user/1?check_logged_in=1" "Mozilla/5.0 (X11; Linux x86_64) AppleWebKit/537.36 (KHTML, like Gecko) Chrome/120.0.0.0 Safari/537.36"
137.59.225.165 - - [13/Dec/2023:10:20:18 +0000] "GET /core/misc/tabbingmanager.js?v=9.5.11 HTTP/1.1" 200 2264 "http://demo1.drupalreact.com/user/1?check_logged_in=1" "Mozilla/5.0 (X11; Linux x86_64) AppleWebKit/537.36 (KHTML, like Gecko) Chrome/120.0.0.0 Safari/537.36"
137.59.225.165 - - [13/Dec/2023:10:20:18 +0000] "GET /core/modules/contextual/js/contextual.toolbar.js?v=9.5.11 HTTP/1.1" 200 956 "http://demo1.drupalreact.com/user/1?check_logged_in=1" "Mozilla/5.0 (X11; Linux x86_64) AppleWebKit/537.36 (KHTML, like Gecko) Chrome/120.0.0.0 Safari/537.36"
137.59.225.165 - - [13/Dec/2023:10:20:18 +0000] "GET /core/modules/contextual/js/toolbar/models/StateModel.js?v=9.5.11 HTTP/1.1" 200 876 "http://demo1.drupalreact.com/user/1?check_logged_in=1" "Mozilla/5.0 (X11; Linux x86_64) AppleWebKit/537.36 (KHTML, like Gecko) Chrome/120.0.0.0 Safari/537.36"
137.59.225.165 - - [13/Dec/2023:10:20:18 +0000] "GET /core/modules/toolbar/js/models/MenuModel.js?v=9.5.11 HTTP/1.1" 200 581 "http://demo1.drupalreact.com/user/1?check_logged_in=1" "Mozilla/5.0 (X11; Linux x86_64) AppleWebKit/537.36 (KHTML, like Gecko) Chrome/120.0.0.0 Safari/537.36"
119.160.114.229 - - [13/Dec/2023:10:20:18 +0000] "GET /themes/contrib/bootstrap_barrio/css/components/site-footer.css?s5k3p1 HTTP/1.1" 200 1534 "http://demo1.drupalreact.com/user/login" "Mozilla/5.0 (Windows NT 10.0; Win64; x64) AppleWebKit/537.36 (KHTML, like Gecko) Chrome/119.0.0.0 Safari/537.36"
119.160.114.229 - - [13/Dec/2023:10:20:18 +0000] "GET /themes/contrib/bootstrap_barrio/css/components/skip-link.css?s5k3p1 HTTP/1.1" 200 593 "http://demo1.drupalreact.com/user/login" "Mozilla/5.0 (Windows NT 10.0; Win64; x64) AppleWebKit/537.36 (KHTML, like Gecko) Chrome/119.0.0.0 Safari/537.36"
119.160.114.229 - - [13/Dec/2023:10:20:18 +0000] "GET /themes/contrib/bootstrap_barrio/css/components/table.css?s5k3p1 HTTP/1.1" 200 795 "http://demo1.drupalreact.com/user/login" "Mozilla/5.0 (Windows NT 10.0; Win64; x64) AppleWebKit/537.36 (KHTML, like Gecko) Chrome/119.0.0.0 Safari/537.36"
137.59.225.165 - - [13/Dec/2023:10:20:18 +0000] "GET /core/modules/contextual/js/toolbar/views/AuralView.js?v=9.5.11 HTTP/1.1" 200 1077 "http://demo1.drupalreact.com/user/1?check_logged_in=1" "Mozilla/5.0 (X11; Linux x86_64) AppleWebKit/537.36 (KHTML, like Gecko) Chrome/120.0.0.0 Safari/537.36"
137.59.225.165 - - [13/Dec/2023:10:20:18 +0000] "GET /core/modules/contextual/js/toolbar/views/VisualView.js?v=9.5.11 HTTP/1.1" 200 870 "http://demo1.drupalreact.com/user/1?check_logged_in=1" "Mozilla/5.0 (X11; Linux x86_64) AppleWebKit/537.36 (KHTML, like Gecko) Chrome/120.0.0.0 Safari/537.36"
137.59.225.165 - - [13/Dec/2023:10:20:18 +0000] "GET /modules/contrib/admin_toolbar/js/admin_toolbar.js?s5k3p1 HTTP/1.1" 200 947 "http://demo1.drupalreact.com/user/1?check_logged_in=1" "Mozilla/5.0 (X11; Linux x86_64) AppleWebKit/537.36 (KHTML, like Gecko) Chrome/120.0.0.0 Safari/537.36"
137.59.225.165 - - [13/Dec/2023:10:20:18 +0000] "GET /modules/contrib/admin_toolbar/js/jquery.hoverIntent.js?s5k3p1 HTTP/1.1" 200 2676 "http://demo1.drupalreact.com/user/1?check_logged_in=1" "Mozilla/5.0 (X11; Linux x86_64) AppleWebKit/537.36 (KHTML, like Gecko) Chrome/120.0.0.0 Safari/537.36"
137.59.225.165 - - [13/Dec/2023:10:20:18 +0000] "GET /modules/contrib/admin_toolbar/js/admin_toolbar.hoverintent.js?s5k3p1 HTTP/1.1" 200 669 "http://demo1.drupalreact.com/user/1?check_logged_in=1" "Mozilla/5.0 (X11; Linux x86_64) AppleWebKit/537.36 (KHTML, like Gecko) Chrome/120.0.0.0 Safari/537.36"
137.59.225.165 - - [13/Dec/2023:10:20:18 +0000] "GET /core/modules/toolbar/js/escapeAdmin.js?v=9.5.11 HTTP/1.1" 200 816 "http://demo1.drupalreact.com/user/1?check_logged_in=1" "Mozilla/5.0 (X11; Linux x86_64) AppleWebKit/537.36 (KHTML, like Gecko) Chrome/120.0.0.0 Safari/537.36"
137.59.225.165 - - [13/Dec/2023:10:20:18 +0000] "GET /core/modules/big_pipe/js/big_pipe.js?v=9.5.11 HTTP/1.1" 200 1114 "http://demo1.drupalreact.com/user/1?check_logged_in=1" "Mozilla/5.0 (X11; Linux x86_64) AppleWebKit/537.36 (KHTML, like Gecko) Chrome/120.0.0.0 Safari/537.36"
137.59.225.165 - - [13/Dec/2023:10:20:18 +0000] "GET /modules/contrib/commerce/icons/787878/drupal-cart.svg HTTP/1.1" 200 1052 "http://demo1.drupalreact.com/modules/contrib/commerce/css/commerce.icons.css?s5k3p1" "Mozilla/5.0 (X11; Linux x86_64) AppleWebKit/537.36 (KHTML, like Gecko) Chrome/120.0.0.0 Safari/537.36"
137.59.225.165 - - [13/Dec/2023:10:20:18 +0000] "GET /core/misc/icons/bebebe/star.svg HTTP/1.1" 200 820 "http://demo1.drupalreact.com/core/modules/shortcut/css/shortcut.icons.theme.css?s5k3p1" "Mozilla/5.0 (X11; Linux x86_64) AppleWebKit/537.36 (KHTML, like Gecko) Chrome/120.0.0.0 Safari/537.36"
137.59.225.165 - - [13/Dec/2023:10:20:18 +0000] "GET /modules/contrib/devel/icons/bebebe/cog.svg HTTP/1.1" 200 1286 "http://demo1.drupalreact.com/modules/contrib/devel/css/devel.toolbar.css?s5k3p1" "Mozilla/5.0 (X11; Linux x86_64) AppleWebKit/537.36 (KHTML, like Gecko) Chrome/120.0.0.0 Safari/537.36"
137.59.225.165 - - [13/Dec/2023:10:20:18 +0000] "GET /modules/contrib/admin_toolbar/admin_toolbar_tools/misc/icons/ffffff/drupal-9-logo.svg HTTP/1.1" 200 1470 "http://demo1.drupalreact.com/modules/contrib/admin_toolbar/admin_toolbar_tools/css/tools.css?s5k3p1" "Mozilla/5.0 (X11; Linux x86_64) AppleWebKit/537.36 (KHTML, like Gecko) Chrome/120.0.0.0 Safari/537.36"
119.160.114.229 - - [13/Dec/2023:10:20:18 +0000] "GET /themes/contrib/bootstrap_barrio/css/components/tabledrag.css?s5k3p1 HTTP/1.1" 200 487 "http://demo1.drupalreact.com/user/login" "Mozilla/5.0 (Windows NT 10.0; Win64; x64) AppleWebKit/537.36 (KHTML, like Gecko) Chrome/119.0.0.0 Safari/537.36"
119.160.114.229 - - [13/Dec/2023:10:20:18 +0000] "GET /themes/contrib/bootstrap_barrio/css/components/tableselect.css?s5k3p1 HTTP/1.1" 200 494 "http://demo1.drupalreact.com/user/login" "Mozilla/5.0 (Windows NT 10.0; Win64; x64) AppleWebKit/537.36 (KHTML, like Gecko) Chrome/119.0.0.0 Safari/537.36"
